
> test
> node --test

TAP version 13
# Γùç injected env (0) from .env // tip: Γîÿ override existing { override: true }
# Subtest: Backend API Tests
    # Subtest: GET /api/health returns 200 ok
    ok 1 - GET /api/health returns 200 ok
      ---
      duration_ms: 111.2418
      type: 'test'
      ...
    # Subtest: POST /api/insight rejects non-JSON content type
    ok 2 - POST /api/insight rejects non-JSON content type
      ---
      duration_ms: 19.4587
      type: 'test'
      ...
    # Subtest: POST /api/insight rejects missing top-level fields
    ok 3 - POST /api/insight rejects missing top-level fields
      ---
      duration_ms: 40.5412
      type: 'test'
      ...
    # Subtest: POST /api/insight rejects invalid numbers in inputs
    ok 4 - POST /api/insight rejects invalid numbers in inputs
      ---
      duration_ms: 10.5303
      type: 'test'
      ...
    # Subtest: POST /api/insight rejects invalid profile country enum
    ok 5 - POST /api/insight rejects invalid profile country enum
      ---
      duration_ms: 12.0653
      type: 'test'
      ...
    1..5
ok 1 - Backend API Tests
  ---
  duration_ms: 205.7875
  type: 'suite'
  ...
# Error: A resource generated asynchronous activity after the test ended. This activity created the error "Error: listen EADDRINUSE: address already in use :::3001" which triggered an uncaughtException event, caught by the test runner.
# Subtest: backend\\server.test.js
not ok 1 - backend\\server.test.js
  ---
  duration_ms: 1148.229
  type: 'test'
  location: 'D:\\Carbon footprint\\carbon-tracker\\backend\\server.test.js:1:1'
  failureType: 'testCodeFailure'
  exitCode: 1
  signal: ~
  error: 'test failed'
  code: 'ERR_TEST_FAILURE'
  ...
# Subtest: calculateFootprint
    # Subtest: car travel produces correct transport CO2
    ok 1 - car travel produces correct transport CO2
      ---
      duration_ms: 2.2543
      type: 'test'
      ...
    # Subtest: bike produces zero transport CO2
    ok 2 - bike produces zero transport CO2
      ---
      duration_ms: 0.3703
      type: 'test'
      ...
    # Subtest: bus produces less CO2 than car for same distance
    ok 3 - bus produces less CO2 than car for same distance
      ---
      duration_ms: 0.4399
      type: 'test'
      ...
    # Subtest: train produces less CO2 than bus for same distance
    ok 4 - train produces less CO2 than bus for same distance
      ---
      duration_ms: 0.3904
      type: 'test'
      ...
    # Subtest: vegan diet produces lower CO2 than omnivore
    ok 5 - vegan diet produces lower CO2 than omnivore
      ---
      duration_ms: 0.4172
      type: 'test'
      ...
    # Subtest: vegetarian diet falls between vegan and omnivore
    ok 6 - vegetarian diet falls between vegan and omnivore
      ---
      duration_ms: 0.5974
      type: 'test'
      ...
    # Subtest: energy calculation uses correct constant
    ok 7 - energy calculation uses correct constant
      ---
      duration_ms: 0.7486
      type: 'test'
      ...
    # Subtest: shopping calculation uses correct constant
    ok 8 - shopping calculation uses correct constant
      ---
      duration_ms: 0.7921
      type: 'test'
      ...
    # Subtest: zero inputs produce zero CO2 for vegan
    ok 9 - zero inputs produce zero CO2 for vegan
      ---
      duration_ms: 0.943
      type: 'test'
      ...
    # Subtest: total equals sum of all breakdown categories
    ok 10 - total equals sum of all breakdown categories
      ---
      duration_ms: 1.6257
      type: 'test'
      ...
    # Subtest: handles missing inputs gracefully with defaults
    ok 11 - handles missing inputs gracefully with defaults
      ---
      duration_ms: 0.7639
      type: 'test'
      ...
    # Subtest: handles undefined transportMode by defaulting to bike (zero)
    ok 12 - handles undefined transportMode by defaulting to bike (zero)
      ---
      duration_ms: 0.3789
      type: 'test'
      ...
    1..12
ok 3 - calculateFootprint
  ---
  duration_ms: 13.9407
  type: 'suite'
  ...
# Subtest: getHighestImpactCategory
    # Subtest: identifies diet as highest
    ok 1 - identifies diet as highest
      ---
      duration_ms: 0.558
      type: 'test'
      ...
    # Subtest: identifies transport as highest
    ok 2 - identifies transport as highest
      ---
      duration_ms: 0.4618
      type: 'test'
      ...
    # Subtest: identifies energy as highest
    ok 3 - identifies energy as highest
      ---
      duration_ms: 0.3253
      type: 'test'
      ...
    # Subtest: identifies shopping as highest
    ok 4 - identifies shopping as highest
      ---
      duration_ms: 0.3916
      type: 'test'
      ...
    # Subtest: handles equal values without throwing
    ok 5 - handles equal values without throwing
      ---
      duration_ms: 0.3368
      type: 'test'
      ...
    # Subtest: handles all zeros
    ok 6 - handles all zeros
      ---
      duration_ms: 0.4014
      type: 'test'
      ...
    1..6
ok 4 - getHighestImpactCategory
  ---
  duration_ms: 3.243
  type: 'suite'
  ...
# Subtest: compareToAverage
    # Subtest: high footprint yields High percentile
    ok 1 - high footprint yields High percentile
      ---
      duration_ms: 0.4266
      type: 'test'
      ...
    # Subtest: low footprint yields Low percentile
    ok 2 - low footprint yields Low percentile
      ---
      duration_ms: 0.1684
      type: 'test'
      ...
    # Subtest: average footprint yields Average percentile
    ok 3 - average footprint yields Average percentile
      ---
      duration_ms: 0.1621
      type: 'test'
      ...
    # Subtest: returns vsIndia and vsWorld as numbers
    ok 4 - returns vsIndia and vsWorld as numbers
      ---
      duration_ms: 0.2159
      type: 'test'
      ...
    # Subtest: vsIndia is greater than vsWorld for same input
    ok 5 - vsIndia is greater than vsWorld for same input
      ---
      duration_ms: 0.2126
      type: 'test'
      ...
    # Subtest: zero footprint returns Low percentile
    ok 6 - zero footprint returns Low percentile
      ---
      duration_ms: 0.2797
      type: 'test'
      ...
    1..6
ok 5 - compareToAverage
  ---
  duration_ms: 1.9026
  type: 'suite'
  ...
# Subtest: formatCO2
    # Subtest: formats number to one decimal with unit
    ok 1 - formats number to one decimal with unit
      ---
      duration_ms: 0.4965
      type: 'test'
      ...
    # Subtest: formats zero correctly
    ok 2 - formats zero correctly
      ---
      duration_ms: 0.3295
      type: 'test'
      ...
    # Subtest: handles string number input
    ok 3 - handles string number input
      ---
      duration_ms: 0.2942
      type: 'test'
      ...
    # Subtest: rounds correctly
    ok 4 - rounds correctly
      ---
      duration_ms: 0.3208
      type: 'test'
      ...
    # Subtest: handles large numbers
    ok 5 - handles large numbers
      ---
      duration_ms: 0.2548
      type: 'test'
      ...
    1..5
ok 6 - formatCO2
  ---
  duration_ms: 3.8903
  type: 'suite'
  ...
# Subtest: calculateTrend
    # Subtest: returns 0 for empty history
    ok 1 - returns 0 for empty history
      ---
      duration_ms: 0.7115
      type: 'test'
      ...
    # Subtest: returns 0 for null input
    ok 2 - returns 0 for null input
      ---
      duration_ms: 0.2428
      type: 'test'
      ...
    # Subtest: returns 0 for single entry
    ok 3 - returns 0 for single entry
      ---
      duration_ms: 2.6961
      type: 'test'
      ...
    # Subtest: returns negative percentage when improved
    ok 4 - returns negative percentage when improved
      ---
      duration_ms: 1.1666
      type: 'test'
      ...
    # Subtest: returns positive percentage when worsened
    ok 5 - returns positive percentage when worsened
      ---
      duration_ms: 0.8724
      type: 'test'
      ...
    # Subtest: returns correct percentage value
    ok 6 - returns correct percentage value
      ---
      duration_ms: 0.5378
      type: 'test'
      ...
    # Subtest: handles previous total of zero without crashing
    ok 7 - handles previous total of zero without crashing
      ---
      duration_ms: 0.6867
      type: 'test'
      ...
    # Subtest: returns 0 when both entries are zero
    ok 8 - returns 0 when both entries are zero
      ---
      duration_ms: 1.0948
      type: 'test'
      ...
    1..8
ok 7 - calculateTrend
  ---
  duration_ms: 9.0142
  type: 'suite'
  ...
# Subtest: calculateStreak
    # Subtest: returns 0 for empty history
    ok 1 - returns 0 for empty history
      ---
      duration_ms: 1.3253
      type: 'test'
      ...
    # Subtest: returns 0 for null input
    ok 2 - returns 0 for null input
      ---
      duration_ms: 0.4294
      type: 'test'
      ...
    # Subtest: returns 0 for undefined input
    ok 3 - returns 0 for undefined input
      ---
      duration_ms: 0.4929
      type: 'test'
      ...
    # Subtest: returns 1 for a single entry today
    ok 4 - returns 1 for a single entry today
      ---
      duration_ms: 0.5073
      type: 'test'
      ...
    # Subtest: returns 0 for entry from a week ago
    ok 5 - returns 0 for entry from a week ago
      ---
      duration_ms: 0.2754
      type: 'test'
      ...
    1..5
ok 8 - calculateStreak
  ---
  duration_ms: 3.6352
  type: 'suite'
  ...
# Subtest: validateKm
    # Subtest: rejects empty string
    ok 1 - rejects empty string
      ---
      duration_ms: 0.7013
      type: 'test'
      ...
    # Subtest: rejects null
    ok 2 - rejects null
      ---
      duration_ms: 0.226
      type: 'test'
      ...
    # Subtest: rejects undefined
    ok 3 - rejects undefined
      ---
      duration_ms: 0.1487
      type: 'test'
      ...
    # Subtest: rejects NaN string
    ok 4 - rejects NaN string
      ---
      duration_ms: 0.2032
      type: 'test'
      ...
    # Subtest: rejects negative number
    ok 5 - rejects negative number
      ---
      duration_ms: 0.2201
      type: 'test'
      ...
    # Subtest: rejects value above MAX_KM_INPUT
    ok 6 - rejects value above MAX_KM_INPUT
      ---
      duration_ms: 0.283
      type: 'test'
      ...
    # Subtest: accepts zero
    ok 7 - accepts zero
      ---
      duration_ms: 0.2886
      type: 'test'
      ...
    # Subtest: accepts valid positive number
    ok 8 - accepts valid positive number
      ---
      duration_ms: 0.2937
      type: 'test'
      ...
    # Subtest: accepts MAX_KM_INPUT exactly
    ok 9 - accepts MAX_KM_INPUT exactly
      ---
      duration_ms: 0.3178
      type: 'test'
      ...
    # Subtest: returns error message for invalid input
    ok 10 - returns error message for invalid input
      ---
      duration_ms: 0.2671
      type: 'test'
      ...
    # Subtest: returns null error for valid input
    ok 11 - returns null error for valid input
      ---
      duration_ms: 0.1524
      type: 'test'
      ...
    1..11
ok 9 - validateKm
  ---
  duration_ms: 3.9097
  type: 'suite'
  ...
# Subtest: validateMeals
    # Subtest: rejects empty string
    ok 1 - rejects empty string
      ---
      duration_ms: 0.3406
      type: 'test'
      ...
    # Subtest: rejects negative number
    ok 2 - rejects negative number
      ---
      duration_ms: 0.2722
      type: 'test'
      ...
    # Subtest: rejects value above MAX_MEALS_INPUT
    ok 3 - rejects value above MAX_MEALS_INPUT
      ---
      duration_ms: 0.1958
      type: 'test'
      ...
    # Subtest: accepts zero
    ok 4 - accepts zero
      ---
      duration_ms: 0.1759
      type: 'test'
      ...
    # Subtest: accepts valid number within range
    ok 5 - accepts valid number within range
      ---
      duration_ms: 0.1707
      type: 'test'
      ...
    # Subtest: accepts MAX_MEALS_INPUT exactly
    ok 6 - accepts MAX_MEALS_INPUT exactly
      ---
      duration_ms: 0.2867
      type: 'test'
      ...
    1..6
ok 10 - validateMeals
  ---
  duration_ms: 1.8501
  type: 'suite'
  ...
# Subtest: validateEnergy
    # Subtest: rejects empty string
    ok 1 - rejects empty string
      ---
      duration_ms: 1.111
      type: 'test'
      ...
    # Subtest: rejects negative number
    ok 2 - rejects negative number
      ---
      duration_ms: 0.4701
      type: 'test'
      ...
    # Subtest: rejects value above MAX_KWH_INPUT
    ok 3 - rejects value above MAX_KWH_INPUT
      ---
      duration_ms: 0.4348
      type: 'test'
      ...
    # Subtest: accepts zero
    ok 4 - accepts zero
      ---
      duration_ms: 0.4321
      type: 'test'
      ...
    # Subtest: accepts valid positive number
    ok 5 - accepts valid positive number
      ---
      duration_ms: 0.2857
      type: 'test'
      ...
    # Subtest: accepts MAX_KWH_INPUT exactly
    ok 6 - accepts MAX_KWH_INPUT exactly
      ---
      duration_ms: 0.2181
      type: 'test'
      ...
    1..6
ok 11 - validateEnergy
  ---
  duration_ms: 3.5843
  type: 'suite'
  ...
# Subtest: validatePurchases
    # Subtest: rejects empty string
    ok 1 - rejects empty string
      ---
      duration_ms: 0.5329
      type: 'test'
      ...
    # Subtest: rejects negative number
    ok 2 - rejects negative number
      ---
      duration_ms: 0.2562
      type: 'test'
      ...
    # Subtest: rejects value above MAX_PURCHASES_INPUT
    ok 3 - rejects value above MAX_PURCHASES_INPUT
      ---
      duration_ms: 0.273
      type: 'test'
      ...
    # Subtest: accepts zero
    ok 4 - accepts zero
      ---
      duration_ms: 0.3568
      type: 'test'
      ...
    # Subtest: accepts valid number
    ok 5 - accepts valid number
      ---
      duration_ms: 0.169
      type: 'test'
      ...
    # Subtest: accepts MAX_PURCHASES_INPUT exactly
    ok 6 - accepts MAX_PURCHASES_INPUT exactly
      ---
      duration_ms: 0.2496
      type: 'test'
      ...
    # Subtest: rejects NaN string
    ok 7 - rejects NaN string
      ---
      duration_ms: 0.1954
      type: 'test'
      ...
    1..7
ok 12 - validatePurchases
  ---
  duration_ms: 2.5435
  type: 'suite'
  ...
# Subtest: Integration: full data pipeline
    # Subtest: inputs ΓåÆ calculateFootprint ΓåÆ getHighestImpact ΓåÆ formatCO2
    ok 1 - inputs ΓåÆ calculateFootprint ΓåÆ getHighestImpact ΓåÆ formatCO2
      ---
      duration_ms: 0.6166
      type: 'test'
      ...
    # Subtest: footprint feeds into compareToAverage correctly
    ok 2 - footprint feeds into compareToAverage correctly
      ---
      duration_ms: 0.3596
      type: 'test'
      ...
    # Subtest: all validation functions return consistent shape
    ok 3 - all validation functions return consistent shape
      ---
      duration_ms: 0.331
      type: 'test'
      ...
    1..3
ok 13 - Integration: full data pipeline
  ---
  duration_ms: 1.7198
  type: 'suite'
  ...
# Subtest: fetchWithTimeout
    # Subtest: returns data on successful fetch
    ok 1 - returns data on successful fetch
      ---
      duration_ms: 8.7641
      type: 'test'
      ...
    # Subtest: returns error on HTTP failure
    ok 2 - returns error on HTTP failure
      ---
      duration_ms: 1.06
      type: 'test'
      ...
    # Subtest: returns timeout error when aborted
    ok 3 - returns timeout error when aborted
      ---
      duration_ms: 13.9637
      type: 'test'
      ...
    # Subtest: returns generic error on network failure
    ok 4 - returns generic error on network failure
      ---
      duration_ms: 1.9846
      type: 'test'
      ...
    1..4
ok 14 - fetchWithTimeout
  ---
  duration_ms: 29.3149
  type: 'suite'
  ...
# Subtest: storage.js
    # Subtest: getProfile returns null when empty
    ok 1 - getProfile returns null when empty
      ---
      duration_ms: 4.9321
      type: 'test'
      ...
    # Subtest: saveProfile saves and getProfile retrieves it
    ok 2 - saveProfile saves and getProfile retrieves it
      ---
      duration_ms: 2.9935
      type: 'test'
      ...
    # Subtest: getHistory returns empty array when empty
    ok 3 - getHistory returns empty array when empty
      ---
      duration_ms: 1.8505
      type: 'test'
      ...
    # Subtest: saveEntry saves and getHistory retrieves it
    ok 4 - saveEntry saves and getHistory retrieves it
      ---
      duration_ms: 1.9158
      type: 'test'
      ...
    # Subtest: saveEntry limits history to HISTORY_DAYS (7)
    ok 5 - saveEntry limits history to HISTORY_DAYS (7)
      ---
      duration_ms: 1.4533
      type: 'test'
      ...
    # Subtest: clearHistory removes history but not profile
    ok 6 - clearHistory removes history but not profile
      ---
      duration_ms: 1.0918
      type: 'test'
      ...
    # Subtest: getHistory handles corrupted JSON gracefully
    ok 7 - getHistory handles corrupted JSON gracefully
      ---
      duration_ms: 0.7164
      type: 'test'
      ...
    # Subtest: getProfile handles corrupted JSON gracefully
    ok 8 - getProfile handles corrupted JSON gracefully
      ---
      duration_ms: 0.4691
      type: 'test'
      ...
    # Subtest: saveEntry handles localStorage quota exceeded error gracefully
    ok 9 - saveEntry handles localStorage quota exceeded error gracefully
      ---
      duration_ms: 3.8521
      type: 'test'
      ...
    1..9
ok 15 - storage.js
  ---
  duration_ms: 23.8478
  type: 'suite'
  ...
# Γùç injected env (0) from .env // tip: Γîÿ enable debugging { debug: true }
# Integration test response: {
#   recommendation: 'Test recommendation',
#   action: 'Test action',
#   estimatedSavingKg: 5.2,
#   savingExplanation: 'Test explanation',
#   category: 'energy',
#   difficulty: 'medium',
#   timeToImpact: 'this week'
# }
# Subtest: Integration: Submit -> Calculate -> AI -> Response
    # Subtest: Full backend flow with realistic payload
    ok 1 - Full backend flow with realistic payload
      ---
      duration_ms: 156.9803
      type: 'test'
      ...
    1..1
ok 16 - Integration: Submit -> Calculate -> AI -> Response
  ---
  duration_ms: 894.5281
  type: 'suite'
  ...
1..16
# tests 95
# suites 15
# pass 94
# fail 1
# cancelled 0
# skipped 0
# todo 0
# duration_ms 1286.5163
